Testing tugaflix...
Γ£à tugaflix SUCCESS: {
  embeds: [
    {
      embedId: 'streamtape',
      url: 'https://streamtape.com/v/OdWeBW28W0FZjvW'
    }
  ]
}
Testing ee3...
Γ¥î ee3 FAILED: Source with ID not found
Testing fsmovies...
Γ¥î fsmovies FAILED: Source with ID not found
Testing rgshows...
Γ¥î rgshows FAILED: Source with ID not found
